Entry point: 0x80004050

Sections:
	      Name | Address    | Size       | File Off  
	     .init | 0x80004000 | 0x271C     | 0x100     
	     extab | 0x80006720 | 0x11C0     | 0x1570E0  
	extabindex | 0x800078E0 | 0x1A00     | 0x1582A0  
	     .text | 0x800092E0 | 0x1548B4   | 0x2820    
	    .ctors | 0x8015DBA0 | 0x44       | 0x159CA0  
	    .dtors | 0x8015DC00 | 0xC        | 0x159D00  
	   .rodata | 0x8015DC20 | 0x86F8     | 0x159D20  
	     .data | 0x80166320 | 0x257E8    | 0x162420  
	      .bss | 0x8018BB40 | 0x767BD8   | 0x0       
	    .sdata | 0x808F3720 | 0x704      | 0x187C20  
	     .sbss | 0x808F3E40 | 0xA14      | 0x0       
	   .sdata2 | 0x808F4860 | 0x1EB8     | 0x188340  
	     .bss2 | 0x808F6720 | 0x10       | 0x0       

Discovered symbols:
	   Section | Address    | Size       | Name      
	     .init | 0x80004000 | 0x28       | __check_pad3
	     .init | 0x80004030 | 0xC        | __set_debug_bba
	     .init | 0x80004040 | 0x8        | __get_debug_bba
	     .init | 0x80004050 | 0x168      | __start   
	     .init | 0x800041C0 | 0x44       | __my_flush_cache
	     .init | 0x80004210 | 0x90       | __init_registers
	     .init | 0x800042A0 | 0xBC       | __init_data
	     .init | 0x80004360 | 0x24       | __init_hardware
	     .init | 0x80004390 | 0x34       | __flush_cache
	     .init | 0x800043C4 | 0x29C      | memcpy    
	     .init | 0x80004660 | 0xB4       | __fill_mem
	     .init | 0x80004714 | 0x30       | memset    
	     .init | 0x80004744 | ?          | gTRKInterruptVectorTable
	     .init | 0x80006678 | 0x84       | _rom_copy_info
	     .init | 0x80006678 | ?          | gTRKInterruptVectorTableEnd
	     .init | 0x800066FC | 0x20       | _bss_init_info
	extabindex | 0x800092C0 | 0x20       | _eti_init_info
	     .text | 0x80081034 | 0x310      | main      
	     .text | 0x80091DE0 | 0x8        | PPCMfmsr  
	     .text | 0x80091DF0 | 0x8        | PPCMtmsr  
	     .text | 0x80091E00 | 0x8        | PPCMfhid0 
	     .text | 0x80091E20 | 0x8        | PPCMfl2cr 
	     .text | 0x80091E30 | 0x8        | PPCMtl2cr 
	     .text | 0x80091E40 | 0x8        | PPCMtdec  
	     .text | 0x80091E60 | 0x14       | PPCHalt   
	     .text | 0x80091E80 | 0x8        | PPCMtmmcr0
	     .text | 0x80091E90 | 0x8        | PPCMtmmcr1
	     .text | 0x80091EA0 | 0x8        | PPCMtpmc1 
	     .text | 0x80091EB0 | 0x8        | PPCMtpmc2 
	     .text | 0x80091EC0 | 0x8        | PPCMtpmc3 
	     .text | 0x80091ED0 | 0x8        | PPCMtpmc4 
	     .text | 0x80091EE0 | 0x20       | PPCMffpscr
	     .text | 0x80091F00 | 0x28       | PPCMtfpscr
	     .text | 0x80091F30 | 0x8        | PPCMfhid2 
	     .text | 0x80091F40 | 0x8        | PPCMthid2 
	     .text | 0x80091F50 | 0x8        | PPCMtwpar 
	     .text | 0x80091F60 | 0x28       | PPCDisableSpeculation
	     .text | 0x80091F90 | 0x8        | PPCSetFpNonIEEEMode
	     .text | 0x80091FA0 | 0x50       | PPCMthid4 
	     .text | 0x80091FF0 | 0x128      | __OSFPRInit
	     .text | 0x80092120 | 0x6C       | __OSGetIOSRev
	     .text | 0x80092190 | 0x254      | OSGetConsoleType
	     .text | 0x800923F0 | 0x1DC      | ClearArena
	     .text | 0x800925D0 | 0x1E4      | ClearMEM2Arena
	     .text | 0x800927C0 | 0x3C       | InquiryCallback
	     .text | 0x80092800 | 0x2A4      | ReportOSInfo
	     .text | 0x80092AB0 | 0x558      | OSInit    
	     .text | 0x80093010 | 0x214      | OSExceptionInit
	     .text | 0x80093230 | 0x0        | __OSDBINTSTART
	     .text | 0x80093230 | 0x24       | __OSDBIntegrator
	     .text | 0x80093254 | 0x0        | __OSDBINTEND
	     .text | 0x80093260 | 0x0        | __OSDBJUMPSTART
	     .text | 0x80093260 | 0x4        | __OSDBJump
	     .text | 0x80093264 | 0x0        | __OSDBJUMPEND
	     .text | 0x80093270 | 0x14       | __OSSetExceptionHandler
	     .text | 0x80093290 | 0x10       | __OSGetExceptionHandler
	     .text | 0x800932A0 | 0x0        | __OSEVStart
	     .text | 0x800932A0 | 0x9C       | OSExceptionVector
	     .text | 0x800932F8 | 0x0        | __DBVECTOR
	     .text | 0x80093308 | 0x0        | __OSEVSetNumber
	     .text | 0x80093338 | 0x0        | __OSEVEnd 
	     .text | 0x80093340 | 0x58       | OSDefaultExceptionHandler
	     .text | 0x800933A0 | 0x54       | __OSPSInit
	     .text | 0x80093410 | 0x10       | OSRegisterVersion
	     .text | 0x800934D0 | 0x58       | __OSInitAlarm
	     .text | 0x80093530 | 0x10       | OSCreateAlarm
	     .text | 0x80093540 | 0x250      | InsertAlarm
	     .text | 0x80093790 | 0x70       | OSSetAlarm
	     .text | 0x800939B0 | 0x22C      | DecrementerExceptionCallback
	     .text | 0x80093BE0 | 0x50       | DecrementerExceptionHandler
	     .text | 0x800940C0 | 0x8        | OSGetMEM1ArenaHi
	     .text | 0x800940D0 | 0x8        | OSGetMEM2ArenaHi
	     .text | 0x800940E0 | 0x8        | OSGetArenaHi
	     .text | 0x800940F0 | 0x8        | OSGetMEM1ArenaLo
	     .text | 0x80094100 | 0x8        | OSGetMEM2ArenaLo
	     .text | 0x80094110 | 0x8        | OSGetArenaLo
	     .text | 0x80094120 | 0x8        | OSSetMEM1ArenaHi
	     .text | 0x80094130 | 0x8        | OSSetMEM2ArenaHi
	     .text | 0x80094140 | 0x8        | OSSetArenaHi
	     .text | 0x80094150 | 0x8        | OSSetMEM1ArenaLo
	     .text | 0x80094160 | 0x8        | OSSetMEM2ArenaLo
	     .text | 0x80094170 | 0x8        | OSSetArenaLo
	     .text | 0x80094180 | 0x34       | OSAllocFromMEM1ArenaLo
	     .text | 0x800941C0 | 0x220      | __AIClockInit
	     .text | 0x800943E0 | 0x1D0      | __OSInitAudioSystem
	     .text | 0x800945B0 | 0xD0       | __OSStopAudioSystem
	     .text | 0x80094680 | 0x14       | DCEnable  
	     .text | 0x800946A0 | 0x2C       | DCInvalidateRange
	     .text | 0x800946D0 | 0x30       | DCFlushRange
	     .text | 0x80094730 | 0x2C       | DCFlushRangeNoSync
	     .text | 0x80094760 | 0x2C       | DCZeroRange
	     .text | 0x80094790 | 0x34       | ICInvalidateRange
	     .text | 0x800947D0 | 0x10       | ICFlashInvalidate
	     .text | 0x800947E0 | 0x14       | ICEnable  
	     .text | 0x80094800 | 0x28       | LCDisable 
	     .text | 0x80094830 | 0x148      | DMAErrorHandler
	     .text | 0x80094980 | 0xE8       | __OSCacheInit
	     .text | 0x80094A70 | 0x124      | __OSLoadFPUContext
	     .text | 0x80094BA0 | 0x128      | __OSSaveFPUContext
	     .text | 0x80094CD0 | 0x8        | OSSaveFPUContext
	     .text | 0x80094CE0 | 0x5C       | OSSetCurrentContext
	     .text | 0x80094DD0 | 0xD8       | OSLoadContext
	     .text | 0x80094EB0 | 0x8        | OSGetStackPointer
	     .text | 0x80094F20 | 0x24       | OSClearContext
	     .text | 0x80095010 | 0x260      | OSDumpContext
	     .text | 0x80095270 | 0x84       | OSSwitchFPUContext
	     .text | 0x80095300 | 0x38       | __OSContextInit
	     .text | 0x80095340 | 0x80       | OSReport  
	     .text | 0x800953C0 | 0x12C      | OSPanic   
	     .text | 0x800954F0 | 0x28C      | OSSetErrorHandler
	     .text | 0x80095780 | 0x2FC      | __OSUnhandledException
	     .text | 0x80095F80 | 0x24       | __OSGetExecParams
	     .text | 0x800967C0 | 0xC8       | __OSLaunchMenu
	     .text | 0x80097620 | 0x1E8      | OSFatal   
	     .text | 0x800980F0 | 0x78       | OSSetFontEncode
	     .text | 0x80098AF0 | 0x14       | OSDisableInterrupts
	     .text | 0x80098B10 | 0x14       | OSEnableInterrupts
	     .text | 0x80098B30 | 0x24       | OSRestoreInterrupts
	     .text | 0x80098B60 | 0x14       | __OSSetInterruptHandler
	     .text | 0x80098B90 | 0xC4       | __OSInterruptInit
	     .text | 0x80098C60 | 0x25C      | SetInterruptMask
	     .text | 0x80098EC0 | 0x80       | __OSMaskInterrupts
	     .text | 0x80098F40 | 0x80       | __OSUnmaskInterrupts
	     .text | 0x80099270 | 0x50       | ExternalInterruptHandler
	     .text | 0x800992C0 | 0x18       | __OSModuleInit
	     .text | 0x800995C0 | 0xC        | OSGetPhysicalMem2Size
	     .text | 0x800995D0 | 0xC        | OSGetConsoleSimulatedMem1Size
	     .text | 0x800995E0 | 0xC        | OSGetConsoleSimulatedMem2Size
	     .text | 0x80099630 | 0x48       | MEMIntrruptHandler
	     .text | 0x80099B20 | 0x120      | BATConfig 
	     .text | 0x80099C90 | 0xCC       | __OSInitMemoryProtection
	     .text | 0x8009A110 | 0x88       | OSRegisterShutdownFunction
	     .text | 0x8009A250 | 0x180      | __OSShutdownDevices
	     .text | 0x8009A640 | 0x288      | __OSReturnToMenu
	     .text | 0x8009A8D0 | 0x40       | OSReturnToMenu
	     .text | 0x8009AA60 | 0x30       | OSGetResetCode
	     .text | 0x8009AA90 | 0x1C       | OSResetSystem
	     .text | 0x8009ABF0 | 0x200      | __OSInitSram
	     .text | 0x8009ADF0 | 0x2E0      | UnlockSram
	     .text | 0x8009B0D0 | 0x10       | __OSSyncSram
	     .text | 0x8009B330 | 0x11C      | __OSGetRTCFlags
	     .text | 0x8009B450 | 0x110      | __OSClearRTCFlags
	     .text | 0x8009B560 | 0x0        | __OSSystemCallVectorStart
	     .text | 0x8009B57C | 0x0        | __OSSystemCallVectorEnd
	     .text | 0x8009B580 | 0x60       | __OSInitSystemCall
	     .text | 0x8009B5F0 | 0x284      | __OSThreadInit
	     .text | 0x8009B880 | 0x10       | OSInitThreadQueue
	     .text | 0x8009B8A0 | 0x3C       | OSDisableScheduler
	     .text | 0x8009B8E0 | 0x3C       | OSEnableScheduler
	     .text | 0x8009BBD0 | 0x22C      | SelectThread
	     .text | 0x8009BE00 | 0x18       | __OSReschedule
	     .text | 0x8009C180 | 0x1D4      | OSCancelThread
	     .text | 0x8009C8E0 | 0xF0       | OSSleepThread
	     .text | 0x8009CC00 | 0x18       | OSGetTime 
	     .text | 0x8009CC20 | 0x8        | OSGetTick 
	     .text | 0x8009CC30 | 0x64       | __OSGetSystemTime
	     .text | 0x8009D2A0 | 0x18       | __OSInitIPCBuffer
	     .text | 0x8009D4A0 | 0x118      | __OSInitSTM
	     .text | 0x8009D640 | 0x74       | __OSHotReset
	     .text | 0x8009D7C0 | 0x78       | __OSUnRegisterStateEvent
	     .text | 0x8009D850 | 0x4        | __OSDefaultResetCallback
	     .text | 0x8009D860 | 0x4        | __OSDefaultPowerCallback
	     .text | 0x8009D870 | 0x154      | __OSStateEventHandler
	     .text | 0x8009D9E0 | 0x4B4      | PlayRecordCallback
	     .text | 0x8009DEA0 | 0x54       | __OSStartPlayRecord
	     .text | 0x8009DF00 | 0x1EC      | __OSStopPlayRecord
	     .text | 0x8009E0F0 | 0xE4       | __OSWriteStateFlags
	     .text | 0x8009E1E0 | 0x128      | __OSReadStateFlags
	     .text | 0x8009E310 | 0xB4       | __OSInitNet
	     .text | 0x8009E3D0 | 0xB8       | NWC24iPrepareShutdown
	     .text | 0x8009E490 | 0x94       | NWC24iSynchronizeRtcCounter
	     .text | 0x8009E530 | 0x100      | NWC24SuspendScheduler
	     .text | 0x8009EAC0 | 0x18       | OSPlayTimeIsLimited
	     .text | 0x8009EDC0 | 0x18       | __OSWriteExpiredFlagIfSet
	     .text | 0x8009EED0 | 0xA0       | __OSPlayTimeAlarmExpired
	     .text | 0x8009EF70 | 0x1CC      | __OSGetPlayTime
	     .text | 0x8009F140 | 0x158      | __OSInitPlayTime
	     .text | 0x800A0200 | 0x20       | __init_user
	     .text | 0x800A0220 | 0x48       | __init_cpp
	     .text | 0x800A0270 | 0x4C       | exit      
	     .text | 0x800A0B50 | 0x30       | __DVDFSInit
	     .text | 0x800A0E40 | 0x154      | DVDInit   
	     .text | 0x800A4EC0 | 0xD8       | DVDInquiryAsync
	     .text | 0x800A5530 | 0xCC       | __DVDGetCoverStatus
	     .text | 0x800A5780 | 0x138      | __DVDPrepareReset
	     .text | 0x800A5900 | 0x38       | __DVDClearWaitingQueue
	     .text | 0x800A6690 | 0xCC       | __DVDShowFatalMessage
	     .text | 0x800A6760 | 0x5C       | DVDSetAutoFatalMessaging
	     .text | 0x800A6800 | 0x10       | lowCallback
	     .text | 0x800A6810 | 0x27C      | __DVDCheckDevice
	     .text | 0x800A6C60 | 0x264      | DVDLowInit
	     .text | 0x800A7B60 | 0x198      | DVDLowUnencryptedRead
	     .text | 0x800A8010 | 0x168      | DVDLowRequestError
	     .text | 0x800A84B0 | 0x198      | DVDLowReportKey
	     .text | 0x800A8F90 | 0xC        | DVDLowGetImmBufferReg
	     .text | 0x800A8FA0 | 0x8        | DVDLowUnmaskStatusInterrupts
	     .text | 0x800A8FB0 | 0x8        | DVDLowMaskCoverInterrupt
	     .text | 0x800AB710 | 0x60       | VIGetTvFormat
	     .text | 0x800AD6E0 | 0x48       | __VISetRGBModeImm
	     .text | 0x800AF2B0 | 0x5C       | __PADDisableRecalibration
	     .text | 0x800B4D30 | 0x130      | __GXInitRevisionBits
	     .text | 0x800B4E60 | 0x504      | GXInit    
	     .text | 0x800B5370 | 0x8C0      | __GXInitGX
	     .text | 0x800B5D90 | 0x8C       | GXInitFifoBase
	     .text | 0x800B5F20 | 0x1E0      | GXSetCPUFifo
	     .text | 0x800B6100 | 0x290      | GXSetGPFifo
	     .text | 0x800B63F0 | 0x7C       | __GXFifoInit
	     .text | 0x800B7160 | 0x80       | GXSetMisc 
	     .text | 0x800B7920 | 0x64       | __GXPEInit
	     .text | 0x800B9040 | 0xA8       | GXInitTexCacheRegion
	     .text | 0x800B90F0 | 0x20       | GXInitTlutRegion
	     .text | 0x800B9490 | 0x350      | __GXSetTmemConfig
	     .text | 0x800B9BE0 | 0x30       | __GXSetIndirectMask
	     .text | 0x800B9C10 | 0x24       | __GXFlushTextureState
	     .text | 0x800BB670 | 0x1C       | strlen    
	     .text | 0x800BB68C | 0xC8       | __va_arg  
	     .text | 0x800BB754 | 0x18       | __register_global_object
	     .text | 0x800BB76C | 0x48       | __destroy_global_chain
	     .text | 0x800BBDBC | 0x4C       | __save_fpr
	     .text | 0x800BBDBC | ?          | _savefpr_14
	     .text | 0x800BBDC0 | ?          | _savefpr_15
	     .text | 0x800BBDC4 | ?          | _savefpr_16
	     .text | 0x800BBDC8 | ?          | _savefpr_17
	     .text | 0x800BBDCC | ?          | _savefpr_18
	     .text | 0x800BBDD0 | ?          | _savefpr_19
	     .text | 0x800BBDD4 | ?          | _savefpr_20
	     .text | 0x800BBDD8 | ?          | _savefpr_21
	     .text | 0x800BBDDC | ?          | _savefpr_22
	     .text | 0x800BBDE0 | ?          | _savefpr_23
	     .text | 0x800BBDE4 | ?          | _savefpr_24
	     .text | 0x800BBDE8 | ?          | _savefpr_25
	     .text | 0x800BBDEC | ?          | _savefpr_26
	     .text | 0x800BBDF0 | ?          | _savefpr_27
	     .text | 0x800BBDF4 | ?          | _savefpr_28
	     .text | 0x800BBDF8 | ?          | _savefpr_29
	     .text | 0x800BBDFC | ?          | _savefpr_30
	     .text | 0x800BBE00 | ?          | _savefpr_31
	     .text | 0x800BBE08 | 0x4C       | __restore_fpr
	     .text | 0x800BBE08 | ?          | _restfpr_14
	     .text | 0x800BBE0C | ?          | _restfpr_15
	     .text | 0x800BBE10 | ?          | _restfpr_16
	     .text | 0x800BBE14 | ?          | _restfpr_17
	     .text | 0x800BBE18 | ?          | _restfpr_18
	     .text | 0x800BBE1C | ?          | _restfpr_19
	     .text | 0x800BBE20 | ?          | _restfpr_20
	     .text | 0x800BBE24 | ?          | _restfpr_21
	     .text | 0x800BBE28 | ?          | _restfpr_22
	     .text | 0x800BBE2C | ?          | _restfpr_23
	     .text | 0x800BBE30 | ?          | _restfpr_24
	     .text | 0x800BBE34 | ?          | _restfpr_25
	     .text | 0x800BBE38 | ?          | _restfpr_26
	     .text | 0x800BBE3C | ?          | _restfpr_27
	     .text | 0x800BBE40 | ?          | _restfpr_28
	     .text | 0x800BBE44 | ?          | _restfpr_29
	     .text | 0x800BBE48 | ?          | _restfpr_30
	     .text | 0x800BBE4C | ?          | _restfpr_31
	     .text | 0x800BBE54 | 0x4C       | __save_gpr
	     .text | 0x800BBE54 | ?          | _savegpr_14
	     .text | 0x800BBE58 | ?          | _savegpr_15
	     .text | 0x800BBE5C | ?          | _savegpr_16
	     .text | 0x800BBE60 | ?          | _savegpr_17
	     .text | 0x800BBE64 | ?          | _savegpr_18
	     .text | 0x800BBE68 | ?          | _savegpr_19
	     .text | 0x800BBE6C | ?          | _savegpr_20
	     .text | 0x800BBE70 | ?          | _savegpr_21
	     .text | 0x800BBE74 | ?          | _savegpr_22
	     .text | 0x800BBE78 | 0x0        | _savegpr_23
	     .text | 0x800BBE7C | ?          | _savegpr_24
	     .text | 0x800BBE80 | ?          | _savegpr_25
	     .text | 0x800BBE84 | 0x0        | _savegpr_26
	     .text | 0x800BBE88 | 0x0        | _savegpr_27
	     .text | 0x800BBE8C | ?          | _savegpr_28
	     .text | 0x800BBE90 | ?          | _savegpr_29
	     .text | 0x800BBE94 | ?          | _savegpr_30
	     .text | 0x800BBE98 | ?          | _savegpr_31
	     .text | 0x800BBEA0 | 0x4C       | __restore_gpr
	     .text | 0x800BBEA0 | ?          | _restgpr_14
	     .text | 0x800BBEA4 | ?          | _restgpr_15
	     .text | 0x800BBEA8 | ?          | _restgpr_16
	     .text | 0x800BBEAC | ?          | _restgpr_17
	     .text | 0x800BBEB0 | ?          | _restgpr_18
	     .text | 0x800BBEB4 | ?          | _restgpr_19
	     .text | 0x800BBEB8 | ?          | _restgpr_20
	     .text | 0x800BBEBC | ?          | _restgpr_21
	     .text | 0x800BBEC0 | ?          | _restgpr_22
	     .text | 0x800BBEC4 | 0x0        | _restgpr_23
	     .text | 0x800BBEC8 | ?          | _restgpr_24
	     .text | 0x800BBECC | ?          | _restgpr_25
	     .text | 0x800BBED0 | 0x0        | _restgpr_26
	     .text | 0x800BBED4 | 0x0        | _restgpr_27
	     .text | 0x800BBED8 | ?          | _restgpr_28
	     .text | 0x800BBEDC | ?          | _restgpr_29
	     .text | 0x800BBEE0 | ?          | _restgpr_30
	     .text | 0x800BBEE4 | ?          | _restgpr_31
	     .text | 0x800BBEEC | 0xEC       | __div2u   
	     .text | 0x800BC110 | 0xE4       | __mod2u   
	     .text | 0x800BC47C | 0x3C       | __init_cpp_exceptions
	     .text | 0x800BC4B8 | 0x34       | __fini_cpp_exceptions
	     .text | 0x800BC4EC | 0x4C       | __register_fragment
	     .text | 0x800BC538 | 0x28       | __unregister_fragment
	     .text | 0x800BEBA8 | 0xA4       | __close_all
	     .text | 0x800C0538 | 0x28       | __prep_buffer
	     .text | 0x800C0560 | 0xB8       | __flush_buffer
	     .text | 0x800C0618 | 0x308      | __fwrite  
	     .text | 0x800C0BBC | 0x1C4      | _fseek    
	     .text | 0x800C0EC0 | 0xB8       | wcstombs  
	     .text | 0x800C0F78 | 0xCC       | memmove   
	     .text | 0x800C1044 | 0x2C       | memchr    
	     .text | 0x800C1070 | 0x2C       | __memrchr 
	     .text | 0x800C144C | 0x10       | __stdio_atexit
	     .text | 0x800C145C | 0x5BC      | parse_format
	     .text | 0x800C1A18 | 0x240      | long2str  
	     .text | 0x800C1C58 | 0x2B0      | longlong2str
	     .text | 0x800C1F08 | 0x3C8      | double2hex
	     .text | 0x800C23F8 | 0x79C      | float2str 
	     .text | 0x800C2B94 | 0x8AC      | __pformatter
	     .text | 0x800C3440 | 0x58       | __FileWrite
	     .text | 0x800C3498 | 0x6C       | __StringWrite
	     .text | 0x800C35D0 | 0x7C       | vprintf   
	     .text | 0x800C364C | 0x88       | vsnprintf 
	     .text | 0x800C384C | 0xD4       | sprintf   
	     .text | 0x800C3BE8 | 0xC0       | strcpy    
	     .text | 0x800C3E74 | 0x30       | strchr    
	     .text | 0x800C7A28 | 0x78       | fwide     
	     .text | 0x800C7BAC | 0x18       | __msl_runtime_constraint_violation_s
	     .text | 0x800CB650 | 0xE8       | SetExiInterruptMask
	     .text | 0x800CB740 | 0x27C      | EXIImm    
	     .text | 0x800CBA70 | 0xF8       | EXIDma    
	     .text | 0x800CBB70 | 0x27C      | EXISync   
	     .text | 0x800CBE80 | 0x180      | __EXIProbe
	     .text | 0x800CC1E0 | 0x12C      | EXISelect 
	     .text | 0x800CC310 | 0xFC       | EXIDeselect
	     .text | 0x800CC410 | 0xB8       | EXIIntrruptHandler
	     .text | 0x800CC4D0 | 0x218      | TCIntrruptHandler
	     .text | 0x800CC6F0 | 0xD0       | EXTIntrruptHandler
	     .text | 0x800CC7C0 | 0x1C4      | EXIInit   
	     .text | 0x800CC990 | 0xFC       | EXILock   
	     .text | 0x800CCA90 | 0xD8       | EXIUnlock 
	     .text | 0x800CCB70 | 0x28       | UnlockedHandler
	     .text | 0x800CCBA0 | 0x3A8      | EXIGetID  
	     .text | 0x800CD0D0 | 0x1BC      | __OSEnableBarnacle
	     .text | 0x800CD760 | 0x3EC      | SIInterruptHandler
	     .text | 0x800CDB50 | 0xC0       | SIInit    
	     .text | 0x800CDE60 | 0x5C       | SISetXY   
	     .text | 0x800CE180 | 0x16C      | SITransfer
	     .text | 0x800CE2F0 | 0x2B4      | GetTypeCallback
	     .text | 0x800CE5B0 | 0x1B4      | SIGetType 
	     .text | 0x800CE880 | 0xD4       | SISetSamplingRate
	     .text | 0x800CE988 | 0x3C       | gdev_cc_initialize
	     .text | 0x800CE9C4 | 0x8        | gdev_cc_shutdown
	     .text | 0x800CE9CC | 0x24       | gdev_cc_open
	     .text | 0x800CE9F0 | 0x8        | gdev_cc_close
	     .text | 0x800CE9F8 | 0xB4       | gdev_cc_read
	     .text | 0x800CEAAC | 0x74       | gdev_cc_write
	     .text | 0x800CEB20 | 0x24       | gdev_cc_pre_continue
	     .text | 0x800CEB44 | 0x24       | gdev_cc_post_stop
	     .text | 0x800CEB68 | 0x74       | gdev_cc_peek
	     .text | 0x800CEBDC | 0x24       | gdev_cc_initinterrupts
	     .text | 0x800CEEB0 | 0x3C       | TRK_main  
	     .text | 0x800CEEEC | 0xEC       | TRKNubMainLoop
	     .text | 0x800CF23C | 0x120      | TRKDispatchMessage
	     .text | 0x800CF35C | 0x94       | InitMetroTRK
	     .text | 0x800CF3F4 | 0x94       | InitMetroTRK_BBA
	     .text | 0x800CF488 | 0x4        | EnableMetroTRKInterrupts
	     .text | 0x800CF628 | 0x48       | TRKInitializeTarget
	     .text | 0x800CF680 | 0x88       | TRKLoadContext
	     .text | 0x800CF708 | 0x38       | TRKEXICallBack
	     .text | 0x800CF740 | 0x138      | InitMetroTRKCommTable
	     .text | 0x800CF878 | 0x4        | TRKUARTInterruptHandler
	     .text | 0x800CF87C | 0x54       | TRKInitializeIntDrivenUART
	     .text | 0x800CF988 | 0x14       | ReserveEXI2Port
	     .text | 0x800CF99C | 0x14       | UnreserveEXI2Port
	     .text | 0x800CF9B0 | 0x18       | TRK_board_display
	     .text | 0x800CF9C8 | 0x54       | InitializeProgramEndTrap
	     .text | 0x800CFAAC | 0x24       | TRKInitializeEventQueue
	     .text | 0x800CFAD0 | 0x8C       | TRKGetNextEvent
	     .text | 0x800CFC40 | 0x8        | TRKDestructEvent
	     .text | 0x800CFC48 | 0xAC       | TRKInitializeNub
	     .text | 0x800CFCF4 | 0x24       | TRKTerminateNub
	     .text | 0x800CFD18 | 0xC        | TRKNubWelcome
	     .text | 0x800CFD24 | 0x74       | TRKInitializeEndian
	     .text | 0x800CFE64 | 0x2C       | TRKGetInput
	     .text | 0x800CFED0 | 0x8        | TRKInitializeSerialHandler
	     .text | 0x800D0520 | 0x34       | TRKTargetContinue
	     .text | 0x800D0554 | 0x1C4      | TRKSaveExtended1Block
	     .text | 0x800D0718 | 0x164      | TRKRestoreExtended1Block
	     .text | 0x800D08E0 | 0x20       | TRKInitializeMessageBuffers
	     .text | 0x800D099C | 0x24       | TRKGetBuffer
	     .text | 0x800D2A28 | 0x194      | TRKInterruptHandler
	     .text | 0x800D2BBC | 0x9C       | TRKExceptionHandler
	     .text | 0x800D2C58 | 0xB8       | TRKPostInterruptEvent
	     .text | 0x800D2D10 | 0xC4       | TRKSwapAndGo
	     .text | 0x800D2DD4 | 0x54       | TRKInterruptHandlerEnableInterrupts
	     .text | 0x800D2E28 | 0x5C       | TRKTargetInterrupt
	     .text | 0x800D3350 | 0x1F4      | TRKTargetSupportRequest
	     .text | 0x800D3544 | 0x10       | TRKTargetStopped
	     .text | 0x800D3554 | 0x10       | TRKTargetSetStopped
	     .text | 0x800D3978 | 0x10       | TRKTargetSetInputPendingPtr
	     .text | 0x800D5650 | 0x128      | ISFS_OpenLib
	     .text | 0x800D5780 | 0x180      | _isfsFuncCb
	     .text | 0x800D6620 | 0xC8       | ISFS_Open 
	     .text | 0x800D66F0 | 0xB8       | ISFS_OpenAsync
	     .text | 0x800D6BE0 | 0x4C       | IPCInit   
	     .text | 0x800D6C80 | 0x10       | IPCReadReg
	     .text | 0x800D6C90 | 0x10       | IPCWriteReg
	     .text | 0x800D6CA0 | 0x8        | IPCGetBufferHi
	     .text | 0x800D6CB0 | 0x8        | IPCGetBufferLo
	     .text | 0x800D6CC0 | 0x8        | IPCSetBufferLo
	     .text | 0x800D6CD0 | 0x2C       | strnlen   
	     .text | 0x800D6F60 | 0x1C0      | IPCInterruptHandler
	     .text | 0x800D7120 | 0xC0       | IPCCltInit
	     .text | 0x800D7260 | 0x268      | __ios_Ipc2
	     .text | 0x800D74D0 | 0x11C      | IOS_OpenAsync
	     .text | 0x800D75F0 | 0x124      | IOS_Open  
	     .text | 0x800D7D90 | 0x138      | IOS_IoctlAsync
	     .text | 0x800D8230 | 0xDC       | IOS_Ioctlv
	     .text | 0x800D8640 | 0x130      | iosCreateHeap
	     .text | 0x800D8970 | 0x4        | iosAllocAligned
	     .text | 0x800D8980 | 0x1E8      | iosFree   
	     .text | 0x800D8B70 | 0x144      | IPCiProfInit
	     .text | 0x800D8CC0 | 0x1C       | IPCiProfQueueReq
	     .text | 0x800D8D00 | 0x120      | AddReqInfo
	     .text | 0x800DA220 | 0x110      | nandOpen  
	     .text | 0x800DA4D0 | 0x78       | NANDPrivateOpenAsync
	     .text | 0x800DA550 | 0x78       | nandOpenCallback
	     .text | 0x800DA990 | 0x13C      | nandConvertPath
	     .text | 0x800DAAF0 | 0x34       | nandIsPrivatePath
	     .text | 0x800DAB90 | 0x14       | nandIsInitialized
	     .text | 0x800DABB0 | 0x1C       | nandLoggingCallback
	     .text | 0x800DABD0 | 0x1B0      | nandConvertErrorCode
	     .text | 0x800DAD80 | 0xC8       | nandGenerateAbsPath
	     .text | 0x800DAE50 | 0x134      | NANDInit  
	     .text | 0x800DB9E0 | 0x54       | reserveFileDescriptor
	     .text | 0x800DBA40 | 0x118      | NANDLoggingAddMessageAsync
	     .text | 0x800DBB60 | 0x4C4      | asyncRoutine
	     .text | 0x800DC030 | 0x278      | __NANDShowErrorMessage
	     .text | 0x800DC2B0 | 0x5C       | NANDSetAutoErrorMessaging
	     .text | 0x800DC310 | 0x18       | __NANDPrintErrorMessage
	     .text | 0x800DC330 | 0xA0       | SCInit    
	     .text | 0x800DC3D0 | 0x11C      | SCCheckStatus
	     .text | 0x800DC4F0 | 0x114      | SCReloadConfFileAsync
	     .text | 0x800DC610 | 0xD0       | OpenCallbackFromReload
	     .text | 0x800DDDB0 | 0x6C       | SCGetLanguage
	     .text | 0x8012D480 | 0x54       | ESP_InitLib
	     .text | 0x8012D4E0 | 0x48       | ESP_CloseLib
	     .text | 0x8012D910 | 0xA4       | ESP_DiGetTicketView
	     .text | 0x8012D9C0 | 0xEC       | ESP_DiGetTmd
	     .text | 0x8012DBC0 | 0x98       | ESP_GetDataDir
	     .text | 0x8012DC60 | 0x98       | ESP_GetTitleId
	    .ctors | 0x8015DBA0 | 0x0        | _ctors    
	    .ctors | 0x8015DBA0 | 0x4        | __init_cpp_exceptions_reference
	    .dtors | 0x8015DC00 | 0x0        | _dtors    
	    .dtors | 0x8015DC00 | 0x4        | __destroy_global_chain_reference
	    .dtors | 0x8015DC04 | 0x4        | __fini_cpp_exceptions_reference
	   .rodata | 0x80163C28 | 0x1C       | __DVDDeviceErrorMessage
	   .rodata | 0x80165118 | 0x15       | ConfFileName
	   .rodata | 0x80165130 | 0x2A       | ProductInfoFileName
	     .data | 0x80168448 | 0x3C       | __OSExceptionLocations
	     .data | 0x80168488 | 0x10       | ShutdownFunctionInfo
	     .data | 0x80168498 | 0x80       | DSPInitCode
	     .data | 0x801699C8 | 0x10       | ShutdownFunctionInfo
	     .data | 0x8017BF30 | 0xC0       | GXTexRegionAddrTable
	     .data | 0x8017BFF0 | 0x10       | GXShutdownFuncInfo
	     .data | 0x8017C508 | 0x140      | __files   
	     .data | 0x8017CF08 | 0x14       | Si        
	     .data | 0x8017CF20 | 0x10       | Type      
	     .data | 0x8017CF30 | 0x30       | XYNTSC    
	     .data | 0x8017D2A0 | 0x10       | gTRKExceptionStatus
	     .data | 0x8017D340 | 0x40       | s_currentDir
	      .bss | 0x8088AC80 | 0x1C       | __OSRebootParams
	      .bss | 0x8088ACF0 | 0x44       | __OSErrorTable
	      .bss | 0x8088B040 | 0x54       | Scb       
	      .bss | 0x8088B098 | 0x318      | DefaultThread
	      .bss | 0x8088BAA0 | 0x20       | StmEhInBuf
	      .bss | 0x8088BAC0 | 0x20       | StmEhOutBuf
	      .bss | 0x8088BE40 | 0x30       | __OSExpireAlarm
	      .bss | 0x8088BE80 | 0xE0       | __DVDTicketViewBuffer
	      .bss | 0x8088BF80 | 0x4A00     | __DVDTmdBuffer
	      .bss | 0x80890B30 | 0x20       | WaitingQueue
	      .bss | 0x80890CC0 | 0x80       | __ErrorInfo
	      .bss | 0x80890DC0 | 0x20       | CheckBuffer
	      .bss | 0x808A6BA0 | 0x80       | FifoObj   
	      .bss | 0x808A7268 | 0x180      | fragmentinfo
	      .bss | 0x808A7740 | 0xC0       | Ecb       
	      .bss | 0x808A7800 | 0x80       | Packet    
	      .bss | 0x808A78A0 | 0x20       | TypeTime  
	      .bss | 0x808A7F40 | 0x28       | gDBCommTable
	      .bss | 0x808A9938 | 0x9        | gTRKRestoreFlags
	      .bss | 0x808A9960 | 0x94       | gTRKSaveState
	      .bss | 0x808A9A08 | 0xA4       | gTRKState 
	      .bss | 0x808A9AB0 | 0x430      | gTRKCPUState
	      .bss | 0x808A9F20 | 0xD0       | __responses
	      .bss | 0x808A9FF0 | 0x30       | __timeout_alarm
	      .bss | 0x808ADB60 | 0x40       | s_homeDir 
	      .bss | 0x808ADBC0 | 0x100      | s_message 
	      .bss | 0x808ADEC0 | 0x190      | Control   
	      .bss | 0x808AE060 | 0x4000     | ConfBuf   
	    .sdata | 0x808F38F8 | 0x4        | __OSVersion
	    .sdata | 0x808F3930 | 0x4        | __OSArenaLo
	    .sdata | 0x808F3934 | 0x4        | s_mem2ArenaLo
	    .sdata | 0x808F3960 | 0x4        | SwitchThreadCallback
	    .sdata | 0x808F3968 | 0x4        | IpcBufferLo
	    .sdata | 0x808F3970 | 0x4        | PlayRecordState
	    .sdata | 0x808F39A0 | 0x4        | __DVDLongFileNameFlag
	    .sdata | 0x808F39B0 | 0x4        | __DVDVersion
	    .sdata | 0x808F39D0 | 0x4        | lowDone   
	    .sdata | 0x808F3A68 | 0x4        | __GXVersion
	    .sdata | 0x808F3AD8 | 0x4        | fragmentID
	    .sdata | 0x808F3B08 | 0x4        | __EXIVersion
	    .sdata | 0x808F3B10 | 0x4        | __SIVersion
	    .sdata | 0x808F3B20 | 0x4        | __fsFd    
	    .sdata | 0x808F3B30 | 0x4        | __mailboxAck
	    .sdata | 0x808F3B34 | 0x4        | hid       
	    .sdata | 0x808F3B38 | 0x4        | __NANDVersion
	    .sdata | 0x808F3B74 | 0x4        | s_err     
	    .sdata | 0x808F3B78 | 0x4        | __SCVersion
	    .sdata | 0x808F3DF8 | 0x4        | __esFd    
	     .sbss | 0x808F4020 | 0x4        | __OSInIPL 
	     .sbss | 0x808F4024 | 0x4        | __OSInNandBoot
	     .sbss | 0x808F4028 | 0x4        | __OSIsGcam
	     .sbss | 0x808F4030 | 0x8        | ZeroF     
	     .sbss | 0x808F4038 | 0x8        | ZeroPS    
	     .sbss | 0x808F4040 | 0x4        | AreWeInitialized
	     .sbss | 0x808F4044 | 0x4        | OSExceptionTable
	     .sbss | 0x808F4050 | 0x4        | BI2DebugFlagHolder
	     .sbss | 0x808F4054 | 0x4        | BI2DebugFlag
	     .sbss | 0x808F4058 | 0x4        | BootInfo  
	     .sbss | 0x808F4060 | 0x8        | __OSStartTime
	     .sbss | 0x808F4068 | 0x8        | AlarmQueue
	     .sbss | 0x808F4080 | 0x4        | __OSArenaHi
	     .sbss | 0x808F4084 | 0x4        | s_mem2ArenaHi
	     .sbss | 0x808F4094 | 0x4        | __OSInReboot
	     .sbss | 0x808F40B0 | 0x4        | __OSLastInterruptSrr0
	     .sbss | 0x808F40B4 | 0x2        | __OSLastInterrupt
	     .sbss | 0x808F40B8 | 0x8        | __OSLastInterruptTime
	     .sbss | 0x808F40C0 | 0x4        | InterruptHandlerTable
	     .sbss | 0x808F40E0 | 0x8        | ShutdownFunctionQueue
	     .sbss | 0x808F40E8 | 0x4        | Reschedule
	     .sbss | 0x808F40EC | 0x4        | RunQueueHint
	     .sbss | 0x808F40F0 | 0x4        | RunQueueBits
	     .sbss | 0x808F40F8 | 0x4        | IpcBufferHi
	     .sbss | 0x808F4100 | 0x4        | ResetDown 
	     .sbss | 0x808F4104 | 0x4        | StmReady  
	     .sbss | 0x808F4108 | 0x4        | StmImDesc 
	     .sbss | 0x808F410C | 0x4        | StmEhDesc 
	     .sbss | 0x808F4110 | 0x4        | StmEhRegistered
	     .sbss | 0x808F4114 | 0x4        | StmVdInUse
	     .sbss | 0x808F4118 | 0x4        | PowerCallback
	     .sbss | 0x808F411C | 0x4        | ResetCallback
	     .sbss | 0x808F4120 | 0x1        | Debug_BBA 
	     .sbss | 0x808F4128 | 0x4        | PlayRecordGet
	     .sbss | 0x808F412C | 0x4        | PlayRecordError
	     .sbss | 0x808F4130 | 0x4        | PlayRecordTerminate
	     .sbss | 0x808F4134 | 0x4        | PlayRecordTerminated
	     .sbss | 0x808F4138 | 0x4        | PlayRecordRetry
	     .sbss | 0x808F413C | 0x4        | PlayRecordLastError
	     .sbss | 0x808F415C | 0x4        | __OSExpireSetExpiredFlag
	     .sbss | 0x808F4160 | 0x4        | __OSExpireCallback
	     .sbss | 0x808F4168 | 0x8        | __OSExpireTime
	     .sbss | 0x808F4178 | 0x8        | __DVDThreadQueue
	     .sbss | 0x808F4180 | 0x4        | MaxEntryNum
	     .sbss | 0x808F4184 | 0x4        | FstStringStart
	     .sbss | 0x808F4188 | 0x4        | FstStart  
	     .sbss | 0x808F418C | 0x4        | BootInfo  
	     .sbss | 0x808F41BC | 0x4        | FirstTimeInBootrom
	     .sbss | 0x808F41D8 | 0x4        | __DVDLayoutFormat
	     .sbss | 0x808F41DC | 0x4        | DVDInitialized
	     .sbss | 0x808F4200 | 0x4        | __DVDNumTmdBytes
	     .sbss | 0x808F4210 | 0x4        | MotorState
	     .sbss | 0x808F4228 | 0x4        | bootInfo  
	     .sbss | 0x808F422C | 0x4        | IDShouldBe
	     .sbss | 0x808F4248 | 0x4        | FatalFunc 
	     .sbss | 0x808F4250 | 0x4        | lowIntType
	     .sbss | 0x808F42F0 | 0x4        | CurrTvMode
	     .sbss | 0x808F4358 | 0x4        | __PADSpec 
	     .sbss | 0x808F4518 | 0x4        | __piReg   
	     .sbss | 0x808F451C | 0x4        | __cpReg   
	     .sbss | 0x808F4520 | 0x4        | __peReg   
	     .sbss | 0x808F4524 | 0x4        | __memReg  
	     .sbss | 0x808F4578 | 0x4        | __global_destructor_chain
	     .sbss | 0x808F45A4 | 0x4        | __stdio_exit
	     .sbss | 0x808F45C0 | 0x4        | IDSerialPort1
	     .sbss | 0x808F45E8 | 0x4        | SamplingRate
	     .sbss | 0x808F45F8 | 0x4        | TRK_mainError
	     .sbss | 0x808F4608 | 0x1        | TRK_Use_BBA
	     .sbss | 0x808F4618 | 0x4        | gTRKInputPendingPtr
	     .sbss | 0x808F4630 | 0x2        | TRK_saved_exceptionID
	     .sbss | 0x808F4670 | 0x4        | __fsInitialized
	     .sbss | 0x808F4674 | 0x4        | __devfs   
	     .sbss | 0x808F467C | 0x4        | lo$688    
	     .sbss | 0x808F4680 | 0x4        | hi$689    
	     .sbss | 0x808F4684 | 0x4        | hId       
	     .sbss | 0x808F46B0 | 0x4        | IpcNumPendingReqs
	     .sbss | 0x808F46B4 | 0x4        | IpcNumUnIssuedReqs
	     .sbss | 0x808F46B8 | 0x4        | s_libState
	     .sbss | 0x808F46C0 | 0x4        | s_callback
	     .sbss | 0x808F46C4 | 0x4        | s_stage   
	     .sbss | 0x808F46C8 | 0x4        | NANDErrorFunc
	     .sbss | 0x808F46D0 | 0x1        | BgJobStatus
	     .sbss | 0x808F46D4 | 0x4        | ItemRestSize
	     .sbss | 0x808F46D8 | 0x4        | ItemNumTotal
	     .sbss | 0x808F46E0 | 0x4        | ItemIDOffsetTblOffset
	     .sbss | 0x808F46E4 | 0x1        | IsDevKit  
	     .sbss | 0x808F46E6 | 0x1        | Initialized
	   .sdata2 | 0x808F5EC8 | 0x4        | __GXData  
	       ABS | 0x808F6730 | 0x0        | _stack_end
	       ABS | 0x808FB720 | 0x0        | _SDA_BASE_
	       ABS | 0x808FC860 | 0x0        | _SDA2_BASE_
	       ABS | 0x80906730 | 0x0        | _stack_addr
	       ABS | 0x80908730 | 0x0        | __ArenaLo 
	       ABS | 0x80908730 | 0x0        | _db_stack_addr

566 discovered functions from exception table
